// Jest Snapshot v1, https://goo.gl/fbAQLP

exports[`<Details /> renders the Details component 1`] = `
<div>
  <h2>
    Cookies
  </h2>
  <p>
    Serves: 
  </p>
  <p>
    Time: 
    ?
  </p>
  <h3>
    Ingredients
  </h3>
  <ul>
    <li>
      <input
        type="checkbox"
      />
       
      2
       
      cup
       
      flour
    </li>
    <li>
      <input
        type="checkbox"
      />
       
      1
       
      cup
       
      sugar
    </li>
    <li>
      <input
        type="checkbox"
      />
       
      2 1/2
       
      cup
       
      chocolate chips
    </li>
  </ul>
  <h3>
    Instructions
  </h3>
  <p>
    Mix stuff and put on cookie sheet. Then put in oven. Do not burn.
  </p>
  <button
    onClick={[Function]}
  >
    Edit
  </button>
</div>
`;
