// Jest Snapshot v1, https://goo.gl/fbAQLP

exports[`<Recipe /> shows a default recipe with edit button 1`] = `
<div>
  <h1>
    Cookies
  </h1>
  <h2>
    Instructions
  </h2>
  <p>
    Mix stuff and put on cookie sheet. Then put in oven. Do not burn.
  </p>
  <h2>
    Ingredients
  </h2>
  <ul>
    <li>
      2
       
      cup
       
      flour
    </li>
    <li>
      1
       
      cup
       
      sugar
    </li>
    <li>
      2.5
       
      cup
       
      chocolate chips
    </li>
  </ul>
  <button
    onClick={[Function]}
  >
    Edit
  </button>
</div>
`;
