// Jest Snapshot v1, https://goo.gl/fbAQLP

exports[`<Sidebar /> renders the Sidebar component 1`] = `
<div
  id="side-nav"
>
  <ul />
</div>
`;
